// Jest Snapshot v1, https://goo.gl/fbAQLP

exports[`matches snapshot 1`] = `
<div
  className="container"
  data-testid="landing"
>
  <h1
    className="text-center"
  >
    Welcome guest
  </h1>
</div>
`;
